// Jest Snapshot v1, https://goo.gl/fbAQLP

exports[`matches snapshot when logged out: Navigation snapshot when logged out 1`] = `
<DocumentFragment>
  <nav
    class="Navigation navbar navbar-expand-md"
  >
    <div
      class="container-fluid"
    >
      <a
        class="navbar-brand"
        href="/"
      >
        Jobly
      </a>
      <ul
        class="navbar-nav ms-auto"
      >
        <li
          class="nav-item me-4"
        >
          <a
            class="nav-link"
            href="/login"
          >
            Login
          </a>
        </li>
        <li
          class="nav-item me-4"
        >
          <a
            class="nav-link"
            href="/signup"
          >
            Sign Up
          </a>
        </li>
      </ul>
    </div>
  </nav>
</DocumentFragment>
`;

exports[`matches snapshot: Navigation snapshot when logged in 1`] = `
<DocumentFragment>
  <nav
    class="Navigation navbar navbar-expand-md"
  >
    <div
      class="container-fluid"
    >
      <a
        class="navbar-brand"
        href="/"
      >
        Jobly
      </a>
      <ul
        class="navbar-nav ms-auto"
      >
        <li
          class="nav-item me-4"
        >
          <a
            class="nav-link"
            href="/login"
          >
            Login
          </a>
        </li>
        <li
          class="nav-item me-4"
        >
          <a
            class="nav-link"
            href="/signup"
          >
            Sign Up
          </a>
        </li>
      </ul>
    </div>
  </nav>
</DocumentFragment>
`;
