// Jest Snapshot v1, https://goo.gl/fbAQLP

exports[`matches snapshot with demo user 1`] = `
<DocumentFragment>
  <div
    class="pt-5"
  >
    <div
      class="Homepage"
    >
      <div
        class="container text-center"
      >
        <h1
          class="mb-4 fw-bold"
        >
          Jobly
        </h1>
        <p
          class="lead"
        >
          All the jobs in one, convenient place.
        </p>
        <h2>
          Welcome Back, testfirst!
        </h2>
      </div>
    </div>
  </div>
</DocumentFragment>
`;
