// Jest Snapshot v1, https://goo.gl/fbAQLP

exports[`matches snapshot 1`] = `
<DocumentFragment>
  <div
    class="LoginForm"
  >
    <div
      class="container col-md-6 offset-md-3 col-lg-4 offset-lg-4"
    >
      <h3
        class="mb-3"
      >
        Log In
      </h3>
      <div
        class="card"
      >
        <div
          class="card-body"
        >
          <form>
            <div
              class="mb-3"
            >
              <label
                class="form-label"
              >
                Username
              </label>
              <input
                autocomplete="username"
                class="form-control"
                name="username"
                required=""
                value=""
              />
            </div>
            <div
              class="mb-3"
            >
              <label
                class="form-label"
              >
                Password
              </label>
              <input
                autocomplete="current-password"
                class="form-control"
                name="password"
                required=""
                type="password"
                value=""
              />
            </div>
            <div
              class="d-grid"
            >
              <button
                class="btn btn-primary"
                type="submit"
              >
                Submit
              </button>
            </div>
          </form>
        </div>
      </div>
    </div>
  </div>
</DocumentFragment>
`;
